src/features/frota/RelatorioFrota.tsx(146,17): error TS2322: Type '{ title: string; subtitle: string; icon: ForwardRefExoticComponent<Omit<LucideProps, "ref"> & RefAttributes<SVGSVGElement>>; }' is not assignable to type 'IntrinsicAttributes & PageHeaderProps'.
  Property 'icon' does not exist on type 'IntrinsicAttributes & PageHeaderProps'.
src/features/frota/RelatorioFrota.tsx(167,41): error TS2322: Type '(value: number) => [string, "Valor"]' is not assignable to type 'Formatter<number, "Valor"> & ((value: number, name: "Valor", item: Payload<number, "Valor">, index: number, payload: Payload<number, "Valor">[]) => ReactNode | [...])'.
  Type '(value: number) => [string, "Valor"]' is not assignable to type 'Formatter<number, "Valor">'.
    Types of parameters 'value' and 'value' are incompatible.
      Type 'number | undefined' is not assignable to type 'number'.
        Type 'undefined' is not assignable to type 'number'.
src/features/frota/RelatorioFrota.tsx(224,73): error TS6133: 'entry' is declared but its value is never read.
src/features/frota/RelatorioFrota.tsx(229,41): error TS2322: Type '(value: number) => [string, "Consumo"]' is not assignable to type 'Formatter<number, "Consumo"> & ((value: number, name: "Consumo", item: Payload<number, "Consumo">, index: number, payload: Payload<number, "Consumo">[]) => ReactNode | [...])'.
  Type '(value: number) => [string, "Consumo"]' is not assignable to type 'Formatter<number, "Consumo">'.
    Types of parameters 'value' and 'value' are incompatible.
      Type 'number | undefined' is not assignable to type 'number'.
        Type 'undefined' is not assignable to type 'number'.
src/features/frota/RelatorioFrota.tsx(257,41): error TS2322: Type '(value: number) => [string, "Consumo"]' is not assignable to type 'Formatter<number, "Consumo"> & ((value: number, name: "Consumo", item: Payload<number, "Consumo">, index: number, payload: Payload<number, "Consumo">[]) => ReactNode | [...])'.
  Type '(value: number) => [string, "Consumo"]' is not assignable to type 'Formatter<number, "Consumo">'.
    Types of parameters 'value' and 'value' are incompatible.
      Type 'number | undefined' is not assignable to type 'number'.
        Type 'undefined' is not assignable to type 'number'.
src/features/frota/RelatorioFrota.tsx(311,41): error TS2322: Type '(value: number, name: string) => [string, "Consumo Total"] | [string, "Rodados"] | [number, string]' is not assignable to type 'Formatter<number, string> & ((value: number, name: string, item: Payload<number, string>, index: number, payload: Payload<number, string>[]) => ReactNode | [...])'.
  Type '(value: number, name: string) => [string, "Consumo Total"] | [string, "Rodados"] | [number, string]' is not assignable to type 'Formatter<number, string>'.
    Types of parameters 'value' and 'value' are incompatible.
      Type 'number | undefined' is not assignable to type 'number'.
        Type 'undefined' is not assignable to type 'number'.
